------------------------------------------------------------
Timing Analyzer Summary
------------------------------------------------------------

Type  : Slow 1100mV 85C Model Setup 'KEY[0]'
Slack : -52.547
TNS   : -77116.375

Type  : Slow 1100mV 85C Model Setup 'clock'
Slack : -3.113
TNS   : -3.113

Type  : Slow 1100mV 85C Model Hold 'clock'
Slack : 0.875
TNS   : 0.000

Type  : Slow 1100mV 85C Model Hold 'KEY[0]'
Slack : 1.377
TNS   : 0.000

Type  : Slow 1100mV 85C Model Minimum Pulse Width 'clock'
Slack : -0.729
TNS   : -1.267

Type  : Slow 1100mV 85C Model Minimum Pulse Width 'KEY[0]'
Slack : -0.538
TNS   : -3040.956

Type  : Slow 1100mV 0C Model Setup 'KEY[0]'
Slack : -53.568
TNS   : -76762.918

Type  : Slow 1100mV 0C Model Setup 'clock'
Slack : -3.099
TNS   : -3.099

Type  : Slow 1100mV 0C Model Hold 'clock'
Slack : 0.754
TNS   : 0.000

Type  : Slow 1100mV 0C Model Hold 'KEY[0]'
Slack : 1.315
TNS   : 0.000

Type  : Slow 1100mV 0C Model Minimum Pulse Width 'clock'
Slack : -0.729
TNS   : -1.289

Type  : Slow 1100mV 0C Model Minimum Pulse Width 'KEY[0]'
Slack : -0.538
TNS   : -3337.254

Type  : Fast 1100mV 85C Model Setup 'KEY[0]'
Slack : -25.019
TNS   : -38515.229

Type  : Fast 1100mV 85C Model Setup 'clock'
Slack : -2.345
TNS   : -2.345

Type  : Fast 1100mV 85C Model Hold 'clock'
Slack : 0.378
TNS   : 0.000

Type  : Fast 1100mV 85C Model Hold 'KEY[0]'
Slack : 0.657
TNS   : 0.000

Type  : Fast 1100mV 85C Model Minimum Pulse Width 'clock'
Slack : -0.769
TNS   : -1.354

Type  : Fast 1100mV 85C Model Minimum Pulse Width 'KEY[0]'
Slack : -0.541
TNS   : -2423.156

Type  : Fast 1100mV 0C Model Setup 'KEY[0]'
Slack : -23.018
TNS   : -34669.540

Type  : Fast 1100mV 0C Model Setup 'clock'
Slack : -2.170
TNS   : -2.170

Type  : Fast 1100mV 0C Model Hold 'clock'
Slack : 0.252
TNS   : 0.000

Type  : Fast 1100mV 0C Model Hold 'KEY[0]'
Slack : 0.589
TNS   : 0.000

Type  : Fast 1100mV 0C Model Minimum Pulse Width 'clock'
Slack : -0.768
TNS   : -1.408

Type  : Fast 1100mV 0C Model Minimum Pulse Width 'KEY[0]'
Slack : -0.595
TNS   : -2745.516

------------------------------------------------------------
