------------------------------------------------------------
Timing Analyzer Summary
------------------------------------------------------------

Type  : Slow 1100mV 85C Model Setup 'KEY[0]'
Slack : -12.970
TNS   : -2077.169

Type  : Slow 1100mV 85C Model Setup 'clock'
Slack : -2.880
TNS   : -2.880

Type  : Slow 1100mV 85C Model Hold 'clock'
Slack : 0.700
TNS   : 0.000

Type  : Slow 1100mV 85C Model Hold 'KEY[0]'
Slack : 0.751
TNS   : 0.000

Type  : Slow 1100mV 85C Model Minimum Pulse Width 'clock'
Slack : -0.728
TNS   : -1.266

Type  : Slow 1100mV 85C Model Minimum Pulse Width 'KEY[0]'
Slack : -0.538
TNS   : -149.147

Type  : Slow 1100mV 0C Model Setup 'KEY[0]'
Slack : -12.537
TNS   : -2009.477

Type  : Slow 1100mV 0C Model Setup 'clock'
Slack : -2.835
TNS   : -2.835

Type  : Slow 1100mV 0C Model Hold 'clock'
Slack : 0.490
TNS   : 0.000

Type  : Slow 1100mV 0C Model Hold 'KEY[0]'
Slack : 0.795
TNS   : 0.000

Type  : Slow 1100mV 0C Model Minimum Pulse Width 'clock'
Slack : -0.728
TNS   : -1.287

Type  : Slow 1100mV 0C Model Minimum Pulse Width 'KEY[0]'
Slack : -0.538
TNS   : -161.639

Type  : Fast 1100mV 85C Model Setup 'KEY[0]'
Slack : -6.555
TNS   : -1008.495

Type  : Fast 1100mV 85C Model Setup 'clock'
Slack : -2.179
TNS   : -2.179

Type  : Fast 1100mV 85C Model Hold 'clock'
Slack : 0.183
TNS   : 0.000

Type  : Fast 1100mV 85C Model Hold 'KEY[0]'
Slack : 0.248
TNS   : 0.000

Type  : Fast 1100mV 85C Model Minimum Pulse Width 'clock'
Slack : -0.769
TNS   : -1.353

Type  : Fast 1100mV 85C Model Minimum Pulse Width 'KEY[0]'
Slack : -0.595
TNS   : -135.094

Type  : Fast 1100mV 0C Model Setup 'KEY[0]'
Slack : -5.838
TNS   : -899.311

Type  : Fast 1100mV 0C Model Setup 'clock'
Slack : -2.020
TNS   : -2.020

Type  : Fast 1100mV 0C Model Hold 'clock'
Slack : 0.034
TNS   : 0.000

Type  : Fast 1100mV 0C Model Hold 'KEY[0]'
Slack : 0.231
TNS   : 0.000

Type  : Fast 1100mV 0C Model Minimum Pulse Width 'clock'
Slack : -0.767
TNS   : -1.406

Type  : Fast 1100mV 0C Model Minimum Pulse Width 'KEY[0]'
Slack : -0.661
TNS   : -158.983

------------------------------------------------------------
