------------------------------------------------------------
Timing Analyzer Summary
------------------------------------------------------------

Type  : Slow 1100mV 85C Model Setup 'clock'
Slack : 11.272
TNS   : 0.000

Type  : Slow 1100mV 85C Model Hold 'clock'
Slack : 5.340
TNS   : 0.000

Type  : Slow 1100mV 85C Model Minimum Pulse Width 'clock'
Slack : 9.054
TNS   : 0.000

Type  : Slow 1100mV 0C Model Setup 'clock'
Slack : 11.658
TNS   : 0.000

Type  : Slow 1100mV 0C Model Hold 'clock'
Slack : 4.976
TNS   : 0.000

Type  : Slow 1100mV 0C Model Minimum Pulse Width 'clock'
Slack : 9.032
TNS   : 0.000

Type  : Fast 1100mV 85C Model Setup 'clock'
Slack : 13.335
TNS   : 0.000

Type  : Fast 1100mV 85C Model Hold 'clock'
Slack : 3.653
TNS   : 0.000

Type  : Fast 1100mV 85C Model Minimum Pulse Width 'clock'
Slack : 8.956
TNS   : 0.000

Type  : Fast 1100mV 0C Model Setup 'clock'
Slack : 13.368
TNS   : 0.000

Type  : Fast 1100mV 0C Model Hold 'clock'
Slack : 3.648
TNS   : 0.000

Type  : Fast 1100mV 0C Model Minimum Pulse Width 'clock'
Slack : 8.906
TNS   : 0.000

------------------------------------------------------------
